

19:49:31.994873
Routing Update
0,0:0,0
0,1:1,100
0,2:1,100
0,3:3,200
0,4:1,100
0,5:5,80
1,0:0,100
1,1:1,0
1,2:2,50
1,3:2,50
1,4:4,180
1,5:0,100
2,0:1,50
2,1:1,50
2,2:2,0
2,3:3,50
2,4:3,50
2,5:5,150
3,0:0,200
3,1:2,50
3,2:2,50
3,3:3,0
3,4:4,100
3,5:2,50
4,0:1,180
4,1:1,180
4,2:3,100
4,3:3,100
4,4:4,0
4,5:3,100
5,0:0,80
5,1:0,80
5,2:2,150
5,3:2,150
5,4:2,150
5,5:5,0
Routing Complete


19:52:13.390269
Routing Update
0,0:0,0
0,1:1,20
0,2:2,10
1,0:0,20
1,1:1,0
1,2:2,30
2,0:0,10
2,1:1,30
2,2:2,0
Routing Complete


19:52:44.280102
Register Request 0


19:53:29.793211
Register Request 1


19:54:02.767029
Register Request 2


20:48:47.577165
Routing Update
0,0:0,0
0,1:1,20
0,2:2,10
1,0:0,20
1,1:1,0
1,2:2,30
2,0:0,10
2,1:1,30
2,2:2,0
Routing Complete


20:48:56.426791
Register Request 1


20:49:03.239961
Register Request 2


20:49:11.938747
Register Request 0


21:01:24.205009
Routing Update
0,0:0,0
0,1:1,20
0,2:2,10
1,0:0,20
1,1:1,0
1,2:2,30
2,0:0,10
2,1:1,30
2,2:2,0
Routing Complete


21:01:36.455620
Register Request 0


21:01:41.895317
Register Request 1


21:02:12.453142
Register Request 2


21:12:34.801596
Routing Update
0,0:0,0
0,1:1,20
0,2:2,10
1,0:0,20
1,1:1,0
1,2:2,30
2,0:0,10
2,1:1,30
2,2:2,0
Routing Complete


21:12:39.897697
Register Request 0


21:12:45.180722
Register Request 1


21:12:53.561660
Register Request 2


21:16:46.380726
Routing Update
0,0:0,0
0,1:1,20
0,2:2,10
1,0:0,20
1,1:1,0
1,2:2,30
2,0:0,10
2,1:1,30
2,2:2,0
Routing Complete


21:16:50.414764
Register Request 0


21:16:56.229301
Register Request 1


21:17:01.080860
Register Request 2


21:22:39.474749
Routing Update
0,0:0,0
0,1:1,20
0,2:2,10
1,0:0,20
1,1:1,0
1,2:2,30
2,0:0,10
2,1:1,30
2,2:2,0
Routing Complete


21:22:45.091884
Register Request 0


21:22:51.704718
Register Request 1


21:23:14.057280
Register Request 2


21:29:47.141417
Routing Update
0,0:0,0
0,1:1,20
0,2:2,10
1,0:0,20
1,1:1,0
1,2:2,30
2,0:0,10
2,1:1,30
2,2:2,0
Routing Complete


21:29:58.897941
Register Request 1


21:30:04.212232
Register Request 2


21:31:04.780076
Register Request 0


21:34:52.598213
Routing Update
0,0:0,0
0,1:1,20
0,2:2,10
1,0:0,20
1,1:1,0
1,2:2,30
2,0:0,10
2,1:1,30
2,2:2,0
Routing Complete


21:34:59.085822
Register Request 1


21:36:59.711249
Routing Update
0,0:0,0
0,1:1,20
0,2:2,10
1,0:0,20
1,1:1,0
1,2:2,30
2,0:0,10
2,1:1,30
2,2:2,0
Routing Complete


21:37:04.805838
Register Request 0


21:37:50.724806
Register Request 1


21:38:28.122451
Register Request 2


23:45:27.357006
Routing Update
0,0:0,0
0,1:1,20
0,2:2,10
1,0:0,20
1,1:1,0
1,2:2,30
2,0:0,10
2,1:1,30
2,2:2,0
Routing Complete


23:45:39.765564
Register Request 0


23:45:47.190585
Register Request 1


23:45:53.323677
Register Request 2


23:48:10.111989
Routing Update
0,0:0,0
0,1:1,20
0,2:2,10
1,0:0,20
1,1:1,0
1,2:2,30
2,0:0,10
2,1:1,30
2,2:2,0
Routing Complete


23:48:19.513964
Register Request 0


23:48:24.479964
Register Request 1


23:48:29.498567
Register Request 2


23:50:47.965590
Routing Update
0,0:0,0
0,1:1,100
0,2:1,100
0,3:3,200
0,4:1,100
0,5:5,80
1,0:0,100
1,1:1,0
1,2:2,50
1,3:2,50
1,4:4,180
1,5:0,100
2,0:1,50
2,1:1,50
2,2:2,0
2,3:3,50
2,4:3,50
2,5:5,150
3,0:0,200
3,1:2,50
3,2:2,50
3,3:3,0
3,4:4,100
3,5:2,50
4,0:1,180
4,1:1,180
4,2:3,100
4,3:3,100
4,4:4,0
4,5:3,100
5,0:0,80
5,1:0,80
5,2:2,150
5,3:2,150
5,4:2,150
5,5:5,0
Routing Complete


23:51:04.115425
Routing Update
0,0:0,0
0,1:1,20
0,2:2,10
1,0:0,20
1,1:1,0
1,2:2,30
2,0:0,10
2,1:1,30
2,2:2,0
Routing Complete


23:51:08.269700
Register Request 0


23:51:14.421774
Register Request 1


23:56:29.324452
Routing Update
0,0:0,0
0,1:1,20
0,2:2,10
1,0:0,20
1,1:1,0
1,2:2,30
2,0:0,10
2,1:1,30
2,2:2,0
Routing Complete


23:56:37.038494
Register Request 0


23:57:18.392403
Register Request 1


23:57:39.858045
Register Request 2


00:00:44.907159
Routing Update
0,0:0,0
0,1:1,20
0,2:2,10
1,0:0,20
1,1:1,0
1,2:2,30
2,0:0,10
2,1:1,30
2,2:2,0
Routing Complete


00:00:51.111303
Register Request 0


00:00:55.067299
Register Request 1


00:01:00.275745
Register Request 2


00:05:36.361117
Routing Update
0,0:0,0
0,1:1,20
0,2:2,10
1,0:0,20
1,1:1,0
1,2:2,30
2,0:0,10
2,1:1,30
2,2:2,0
Routing Complete


00:05:46.305056
Register Request 0


00:06:11.755650
Register Request 2


00:06:51.072916
Register Request 1


00:11:59.753007
Routing Update
0,0:0,0
0,1:1,20
0,2:2,10
1,0:0,20
1,1:1,0
1,2:2,30
2,0:0,10
2,1:1,30
2,2:2,0
Routing Complete


00:12:03.913521
Register Request 0


00:12:08.789563
Register Request 1


00:12:14.419765
Register Request 2


00:16:44.260138
Routing Update
0,0:0,0
0,1:1,20
0,2:2,10
1,0:0,20
1,1:1,0
1,2:2,30
2,0:0,10
2,1:1,30
2,2:2,0
Routing Complete


00:16:49.559138
Register Request 0


00:16:56.083049
Register Request 1


00:17:00.043050
Register Request 2


00:18:51.284612
Routing Update
0,0:0,0
0,1:1,20
0,2:2,10
1,0:0,20
1,1:1,0
1,2:2,30
2,0:0,10
2,1:1,30
2,2:2,0
Routing Complete


00:19:31.631071
Register Request 0


00:19:36.870216
Register Request 1


00:19:40.434269
Register Request 2


00:23:08.803961
Routing Update
0,0:0,0
0,1:1,20
0,2:2,10
1,0:0,20
1,1:1,0
1,2:2,30
2,0:0,10
2,1:1,30
2,2:2,0
Routing Complete


00:23:17.316571
Register Request 0


00:23:22.823768
Register Request 1


00:23:29.414327
Register Request 2


00:26:41.251350
Routing Update
0,0:0,0
0,1:1,20
0,2:2,10
1,0:0,20
1,1:1,0
1,2:2,30
2,0:0,10
2,1:1,30
2,2:2,0
Routing Complete


00:26:46.174459
Register Request 0


00:26:50.849043
Register Request 1


00:26:55.567099
Register Request 2


00:31:36.868927
Routing Update
0,0:0,0
0,1:1,20
0,2:2,10
1,0:0,20
1,1:1,0
1,2:2,30
2,0:0,10
2,1:1,30
2,2:2,0
Routing Complete


00:31:41.552516
Register Request 0


00:31:48.391069
Register Request 1


00:31:53.776114
Register Request 2


00:36:10.482967
Routing Update
0,0:0,0
0,1:1,20
0,2:2,10
1,0:0,20
1,1:1,0
1,2:2,30
2,0:0,10
2,1:1,30
2,2:2,0
Routing Complete


00:36:23.253111
Register Request 0


00:37:09.444489
Register Request 1


00:37:29.167137
Register Request 2


00:40:40.315985
Routing Update
0,0:0,0
0,1:1,20
0,2:2,10
1,0:0,20
1,1:1,0
1,2:2,30
2,0:0,10
2,1:1,30
2,2:2,0
Routing Complete


00:40:45.369004
Register Request 0


00:40:51.230038
Register Request 1


00:40:55.670038
Register Request 2


00:44:38.095170
Routing Update
0,0:0,0
0,1:1,20
0,2:2,10
1,0:0,20
1,1:1,0
1,2:2,30
2,0:0,10
2,1:1,30
2,2:2,0
Routing Complete


00:44:43.915484
Register Request 0


00:44:49.317015
Register Request 1


00:44:54.941572
Register Request 2


00:47:41.546919
Routing Update
0,0:0,0
0,1:1,20
0,2:2,10
1,0:0,20
1,1:1,0
1,2:2,30
2,0:0,10
2,1:1,30
2,2:2,0
Routing Complete


00:48:24.057294
Register Request 0


00:48:28.706806
Register Request 1


00:48:42.141255
Register Request 2


06:00:28.256457
Routing Update
0,0:0,0
0,1:1,20
0,2:2,10
1,0:0,20
1,1:1,0
1,2:2,30
2,0:0,10
2,1:1,30
2,2:2,0
Routing Complete


06:02:08.733135
Register Request 0


06:02:50.386515
Register Request 1


06:04:07.448655
Register Request 2


06:08:29.815785
Routing Update
0,0:0,0
0,1:1,20
0,2:2,10
1,0:0,20
1,1:1,0
1,2:2,30
2,0:0,10
2,1:1,30
2,2:2,0
Routing Complete


06:08:39.785929
Register Request 0


06:08:44.648786
Register Request 1


06:08:52.408685
Register Request 2


07:28:05.414155
Routing Update
0,0:0,0
0,1:1,20
0,2:2,10
1,0:0,20
1,1:1,0
1,2:2,30
2,0:0,10
2,1:1,30
2,2:2,0
Routing Complete


07:28:16.446855
Register Request 0


07:28:21.622312
Register Request 1


07:28:28.829071
Register Request 2


07:31:28.156521
Register Request 2
