

21:59:09.018031
Register Request Sent


21:59:09.052031
Register Response received


22:39:30.140236
Register Request Sent


22:39:30.190238
Register Response received


22:39:30.195238
Routing Update
Routing Complete


22:43:14.345074
Register Request Sent


22:43:14.352077
Register Response received


22:43:18.909075
Routing Update
Routing Complete


22:46:14.697123
Register Request Sent


22:46:14.707115
Register Response received


22:46:19.041165
Routing Update
Routing Complete


22:49:38.076462
Register Request Sent


22:49:38.084464
Register Response received


22:49:42.027220
Routing Update
Routing Complete


22:52:13.315708
Register Request Sent


22:52:13.329709
Register Response received


22:52:17.635831
Routing Update
2,0:0
2,1:1
2,2:2
Routing Complete


22:54:19.629268
Register Request Sent


22:54:19.644269
Register Response received


22:54:25.697266
Routing Update
2,0:0
2,1:1
2,2:2
Routing Complete
