

19:52:44.279106
Register Request Sent


19:52:44.290107
Register Response received


20:49:11.937746
Register Request Sent


20:49:11.985750
Register Response received


20:49:11.992748
Routing Update
0,0:0
0,1:1
0,2:2
Routing Complete


21:01:36.455620
Register Request Sent


21:01:36.463626
Register Response received


21:02:12.467145
Routing Update
0,0:0
0,1:1
0,2:2
Routing Complete


21:12:39.897697
Register Request Sent


21:12:39.908697
Register Response received


21:12:53.567657
Routing Update
0,0:0
0,1:1
0,2:2
Routing Complete


21:16:50.413760
Register Request Sent


21:16:50.427763
Register Response received


21:17:01.121864
Routing Update
0,0:0
0,1:1
0,2:2
Routing Complete


21:22:45.090880
Register Request Sent


21:22:45.101882
Register Response received


21:23:14.066279
Routing Update
0,0:0
0,1:1
0,2:2
Routing Complete


21:31:04.780076
Register Request Sent


21:31:04.889080
Register Response received


21:31:04.900074
Routing Update
0,0:0
0,1:1
0,2:2
Routing Complete


21:37:04.804838
Register Request Sent


21:37:04.957841
Register Response received


21:38:28.131455
Routing Update
0,0:0
0,1:1
0,2:2
Routing Complete


23:45:39.764564
Register Request Sent


23:45:39.836568
Register Response received


23:45:53.330676
Routing Update
0,0:0
0,1:1
0,2:2
Routing Complete


23:48:19.513964
Register Request Sent


23:48:19.620965
Register Response received


23:48:29.509565
Routing Update
0,0:0
0,1:1
0,2:2
Routing Complete


23:51:08.269700
Register Request Sent


23:51:08.279701
Register Response received


23:56:37.037493
Register Request Sent


23:56:37.185495
Register Response received


23:57:39.866043
Routing Update
0,0:0
0,1:1
0,2:2
Routing Complete


00:00:51.111303
Register Request Sent


00:00:51.122298
Register Response received


00:01:00.319745
Routing Update
0,0:0
0,1:1
0,2:2
Routing Complete


00:05:46.304058
Register Request Sent


00:05:46.315058
Register Response received


00:06:51.081913
Routing Update
0,0:0
0,1:1
0,2:2
Routing Complete


00:12:03.913521
Register Request Sent


00:12:04.021522
Register Response received


00:12:14.427762
Routing Update
0,0:0
0,1:1
0,2:2
Routing Complete


00:16:49.559138
Register Request Sent


00:16:49.572136
Register Response received


00:17:00.053053
Routing Update
0,0:0
0,1:1
0,2:2
Routing Complete


00:19:31.631071
Register Request Sent


00:19:31.642070
Register Response received


00:19:40.442269
Routing Update
0,0:0
0,1:1
0,2:2
Routing Complete


00:23:17.316571
Register Request Sent


00:23:17.327574
Register Response received


00:23:29.422325
Routing Update
0,0:0
0,1:1
0,2:2
Routing Complete


00:26:46.173461
Register Request Sent


00:26:46.324976
Register Response received


00:26:55.574099
Routing Update
0,0:0
0,1:1
0,2:2
Routing Complete


00:31:41.552516
Register Request Sent


00:31:41.672518
Register Response received


00:31:53.783114
Routing Update
0,0:0
0,1:1
0,2:2
Routing Complete


00:36:23.253111
Register Request Sent


00:36:23.263111
Register Response received


00:37:29.175139
Routing Update
0,0:0
0,1:1
0,2:2
Routing Complete


00:40:45.369004
Register Request Sent


00:40:45.381004
Register Response received


00:40:55.677039
Routing Update
0,0:0
0,1:1
0,2:2
Routing Complete


00:44:43.915484
Register Request Sent


00:44:43.925486
Register Response received


00:44:54.972086
Routing Update
0,0:0
0,1:1
0,2:2
Routing Complete


00:48:24.057294
Register Request Sent


00:48:24.067292
Register Response received


00:48:42.183311
Routing Update
0,0:0
0,1:1
0,2:2
Routing Complete


06:02:08.732131
Register Request Sent


06:02:08.754137
Register Response received


06:04:07.456655
Routing Update
0,0:0
0,1:1
0,2:2
Routing Complete


06:08:39.784928
Register Request Sent


06:08:39.806932
Register Response received


06:08:52.418684
Routing Update
0,0:0
0,1:1
0,2:2
Routing Complete


07:28:16.445855
Register Request Sent


07:28:16.479852
Register Response received


07:28:28.852076
Routing Update
0,0:0
0,1:1
0,2:2
Routing Complete


09:15:56.040888
Register Request Sent


09:15:56.051831
Register Response received


09:16:18.318812
Register Request Sent


09:16:18.332056
Register Response received


09:21:38.802178
Register Request Sent


09:21:38.815668
Register Response received


09:33:54.996449
Register Request Sent


09:33:55.007777
Register Response received


09:34:29.136354
Routing Update
0,0:0
0,1:1
0,2:2
Routing Complete


09:37:10.850876
Routing Update
0,0:0
0,1:1
0,2:2
Routing Complete


11:23:43.332496
Register Request Sent


11:23:43.343027
Register Response received


11:24:24.351961
Register Request Sent


11:24:24.364277
Register Response received


11:25:09.994091
Routing Update
0,0:0
0,1:1
0,2:2
Routing Complete


11:29:54.337848
Register Request Sent


11:29:54.350273
Register Response received


11:30:23.225039
Routing Update
0,0:0
0,1:1
0,2:2
Routing Complete


11:33:03.415358
Neighbor Dead 2


11:44:49.581292
Register Request Sent


11:44:49.592295
Register Response received


11:45:04.360703
Routing Update
0,0:0
0,1:1
0,2:2
Routing Complete


11:45:59.376332
Neighbor Dead 1


11:49:14.931285
Routing Update
0,0:0
0,1:1
0,2:2
Routing Complete


11:49:19.924431
Neighbor Alive 1


12:06:10.235097
Register Request Sent


12:06:10.245096
Register Response received


12:06:18.456533
Routing Update
0,0:0
0,1:1
0,2:2
Routing Complete


12:06:58.462791
Neighbor Dead 1


12:08:17.316172
Routing Update
0,0:0
0,1:1
0,2:2
Routing Complete


12:08:22.309371
Neighbor Alive 1


13:33:54.969713
Register Request Sent


13:33:54.980764
Register Response received


13:34:03.274768
Routing Update
0,0:0
0,1:1
0,2:2
Routing Complete


13:58:45.601813
Register Request Sent


13:58:45.614330
Register Response received


13:58:57.242292
Routing Update
0,0:0
0,1:1
0,2:2
Routing Complete


13:59:50.688750
Routing Update
0,0:0
0,2:2
0,1:-1
Routing Complete


13:59:50.699754
Neighbor Dead 1


14:02:46.415948
Register Request Sent


14:02:46.428453
Register Response received


14:02:53.583068
Routing Update
0,0:0
0,1:1
0,2:2
Routing Complete


14:04:31.546415
Routing Update
0,0:0
0,2:2
0,1:-1
Routing Complete


14:04:31.556417
Neighbor Dead 1


14:10:07.729690
Register Request Sent


14:10:07.740241
Register Response received


14:10:18.777190
Routing Update
0,0:0
0,1:1
0,2:2
Routing Complete


14:16:08.061622
Register Request Sent


14:16:08.077955
Register Response received


14:16:16.528831
Routing Update
0,0:0
0,1:1
0,2:2
Routing Complete


14:17:08.146139
Routing Update
0,0:0
0,1:1
0,2:-1
Routing Complete


14:17:08.157247
Neighbor Dead 2


14:22:21.574043
Routing Update
0,0:0
0,1:1
0,2:-1
Routing Complete


14:36:15.502118
Register Request Sent


14:36:15.512132
Register Response received


14:38:28.300583
Register Request Sent


14:38:28.314584
Register Response received


14:39:45.628026
Register Request Sent


14:39:45.642018
Register Response received


14:40:42.552082
Register Request Sent


14:40:42.565076
Register Response received


14:40:52.266218
Routing Update
0,0:0
0,1:1
0,2:2
Routing Complete


14:41:37.657705
Routing Update
0,0:0
0,1:1
0,2:-1
Routing Complete


14:41:37.673486
Neighbor Dead 2


14:42:01.423113
Routing Update
0,0:0
0,1:1
0,2:2
Routing Complete


14:42:06.403509
Neighbor Alive 2


14:56:39.851876
Register Request Sent


14:56:39.854831
Register Response received


14:56:48.225507
Routing Update
0,0:0
0,0:0
0,1:1
0,2:2
0,1:0
0,2:0
Routing Complete


15:00:08.077715
Register Request Sent


15:00:08.089709
Register Response received


15:00:08.099711
Routing Update
0,0:0
0,0:0
0,1:1
0,2:2
0,1:0
0,2:0
Routing Complete


15:07:08.248525
Register Request Sent


15:07:08.260963
Register Response received


15:07:25.912263
Routing Update
0,0:0
0,1:1
0,2:2
Routing Complete


15:08:47.913304
Neighbor Dead 2


15:08:47.985761
Routing Update
0,0:0
0,1:1
0,2:-1
Routing Complete


15:09:21.244590
Routing Update
0,0:0
0,1:1
0,2:2
Routing Complete


15:09:26.225580
Neighbor Alive 2


15:14:57.787484
Register Request Sent


15:14:57.797171
Register Response received


15:14:57.807172
Routing Update
0,0:0
0,1:1
0,2:2
Routing Complete


15:54:15.194697
Register Request Sent


15:54:15.207153
Register Response received


15:58:02.543197
Register Request Sent


15:58:02.560589
Register Response received


15:58:38.571356
Routing Update
0,0:0
0,1:1
0,2:2
Routing Complete


16:04:14.840725
Register Request Sent


16:04:14.856725
Register Response received


16:04:50.347246
Routing Update
0,0:0
0,1:1
0,2:2
Routing Complete


16:04:57.346286
Neighbor Dead 0


16:16:14.213703
Register Request Sent


16:16:14.216754
Register Response received


16:16:27.968589
Routing Update
0,0:0
0,1:1
0,2:2
Routing Complete


16:18:14.137992
Register Request Sent


16:18:14.148179
Register Response received


16:18:23.995725
Routing Update
0,0:0
0,1:1
0,2:2
Routing Complete


16:33:23.630507
Register Request Sent


16:33:23.640578
Register Response received


16:33:32.086677
Routing Update
0,0:0
0,1:1
0,2:2
Routing Complete


16:33:32.149285
Routing Update
0,0:0
0,2:2
0,1:-1
Routing Complete


16:33:32.198581
Routing Update
0,0:0
0,2:2
0,1:-1
Routing Complete


16:52:54.223222
Register Request Sent


16:52:54.238452
Register Response received


16:53:03.488612
Routing Update
0,0:0
0,1:1
0,2:2
Routing Complete


16:53:03.574813
Routing Update
0,0:0
0,2:2
0,1:-1
Routing Complete


16:53:03.636949
Routing Update
0,0:0
0,2:2
0,1:-1
Routing Complete


16:57:09.443276
Register Request Sent


16:57:09.460534
Register Response received


16:57:20.521521
Routing Update
0,0:0
0,1:1
0,2:2
Routing Complete


16:57:20.543571
Routing Update
0,0:0
0,1:1
0,2:2
Routing Complete


17:01:57.985379
Register Request Sent


17:01:57.999707
Register Response received


17:02:12.249374
Routing Update
0,0:0
0,1:1
0,2:2
Routing Complete


17:02:52.322621
Neighbor Dead 2


17:02:52.389749
Routing Update
0,0:0
0,1:1
0,2:-1
Routing Complete


17:03:38.202501
Routing Update
0,0:0
0,1:1
0,2:2
Routing Complete


17:03:43.194934
Neighbor Alive 2


17:08:06.185841
Register Request Sent


17:08:06.195870
Register Response received


17:08:25.478971
Routing Update
0,0:0
0,1:1
0,2:2
Routing Complete


17:08:25.541058
Routing Update
0,0:0
0,2:2
0,1:-1
Routing Complete
